oled.c:43:6:IIC_Start	8	static
oled.c:54:6:IIC_Stop	8	static
oled.c:62:6:IIC_Wait_Ack	8	static
oled.c:87:6:Write_IIC_Byte	24	static
oled.c:109:6:Write_IIC_Command	16	static
oled.c:122:6:Write_IIC_Data	16	static
oled.c:132:6:OLED_WR_Byte	16	static
oled.c:147:6:fill_picture	24	static
oled.c:160:6:Delay_50ms	24	static
oled.c:167:6:Delay_1ms	24	static
oled.c:177:6:OLED_Set_Pos	16	static
oled.c:183:6:OLED_Display_On	8	static
oled.c:189:6:OLED_Display_Off	8	static
oled.c:195:6:OLED_Clear	16	static
oled.c:205:6:OLED_On	16	static
oled.c:220:6:OLED_ShowChar	32	static
oled.c:235:5:oled_pow	24	static
oled.c:247:6:OLED_ShowNum	24	static
oled.c:264:6:OLED_ShowString	24	static
oled.c:309:6:OLED_Init	8	static
